---
source: src/types/tests/sticker.rs
expression: actual_form
---
Form {
    fields: {
        "title": FormValue::Text(
            "title",
        ),
        "user_id": FormValue::Text(
            "1",
        ),
        "stickers": FormValue::Text(
            "[{\"sticker\":\"sticker-file-id\",\"emoji_list\":[\"😻\"],\"format\":\"static\"}]",
        ),
        "name": FormValue::Text(
            "name",
        ),
    },
}
