---
source: src/types/tests/media.rs
expression: actual_form.into_fields()
---
[
    (
        "chat_id",
        FormValue::Text(
            "1",
        ),
    ),
    (
        "media",
        FormValue::Text(
            "[{\"type\":\"photo\",\"media\":\"file-id\"}]",
        ),
    ),
    (
        "star_count",
        FormValue::Text(
            "100",
        ),
    ),
]
