---
source: src/types/tests/sticker.rs
expression: actual_form.into_fields()
---
[
    (
        "name",
        FormValue::Text(
            "name",
        ),
    ),
    (
        "needs_repainting",
        FormValue::Text(
            "true",
        ),
    ),
    (
        "sticker_type",
        FormValue::Text(
            "regular",
        ),
    ),
    (
        "stickers",
        FormValue::Text(
            "[{\"sticker\":\"sticker-file-id\",\"emoji_list\":[\"😻\"],\"format\":\"static\"}]",
        ),
    ),
    (
        "title",
        FormValue::Text(
            "title",
        ),
    ),
    (
        "user_id",
        FormValue::Text(
            "1",
        ),
    ),
]
