---
source: src/types/tests/inline_mode.rs
expression: actual_form.into_fields()
---
[
    (
        "result",
        FormValue::Text(
            "{\"id\":\"result-id\",\"type\":\"contact\",\"first_name\":\"test\",\"phone_number\":\"+1000\"}",
        ),
    ),
    (
        "user_id",
        FormValue::Text(
            "1",
        ),
    ),
]
