---
source: src/types/tests/business.rs
expression: actual_form.into_fields()
---
[
    (
        "business_connection_id",
        FormValue::Text(
            "id",
        ),
    ),
    (
        "photo",
        FormValue::Text(
            "{\"type\":\"static\",\"photo\":\"test\"}",
        ),
    ),
]
