---
source: src/types/tests/live_photo.rs
expression: actual_form.into_fields()
---
[
    (
        "chat_id",
        FormValue::Text(
            "1",
        ),
    ),
    (
        "live_photo",
        FormValue::Text(
            "file-id",
        ),
    ),
    (
        "photo",
        FormValue::Text(
            "photo-id",
        ),
    ),
]
