---
source: src/types/tests/live_photo.rs
expression: actual_form.into_fields()
---
[
    (
        "allow_paid_broadcast",
        FormValue::Text(
            "true",
        ),
    ),
    (
        "business_connection_id",
        FormValue::Text(
            "bc-id",
        ),
    ),
    (
        "caption",
        FormValue::Text(
            "test",
        ),
    ),
    (
        "chat_id",
        FormValue::Text(
            "1",
        ),
    ),
    (
        "direct_messages_topic_id",
        FormValue::Text(
            "1",
        ),
    ),
    (
        "disable_notification",
        FormValue::Text(
            "false",
        ),
    ),
    (
        "has_spoiler",
        FormValue::Text(
            "false",
        ),
    ),
    (
        "live_photo",
        FormValue::Text(
            "file-id",
        ),
    ),
    (
        "message_effect_id",
        FormValue::Text(
            "eid",
        ),
    ),
    (
        "message_thread_id",
        FormValue::Text(
            "10",
        ),
    ),
    (
        "parse_mode",
        FormValue::Text(
            "MarkdownV2",
        ),
    ),
    (
        "photo",
        FormValue::Text(
            "photo-id",
        ),
    ),
    (
        "protect_content",
        FormValue::Text(
            "true",
        ),
    ),
    (
        "reply_markup",
        FormValue::Text(
            "{\"remove_keyboard\":true}",
        ),
    ),
    (
        "reply_parameters",
        FormValue::Text(
            "{\"message_id\":1}",
        ),
    ),
    (
        "show_caption_above_media",
        FormValue::Text(
            "true",
        ),
    ),
    (
        "suggested_post_parameters",
        FormValue::Text(
            "{}",
        ),
    ),
]
