---
source: src/types/tests/file.rs
expression: actual_form.into_fields()
---
[
    (
        "caption_entities",
        FormValue::Text(
            "[{\"offset\":0,\"length\":10,\"type\":\"bold\"}]",
        ),
    ),
    (
        "chat_id",
        FormValue::Text(
            "1",
        ),
    ),
    (
        "photo",
        FormValue::Text(
            "file-id",
        ),
    ),
]
