---
source: src/types/tests/callback.rs
expression: expected_struct.clone()
---
{
  "from": {
    "first_name": "User",
    "id": 1,
    "is_bot": false
  },
  "id": "id",
  "chat_instance": "instance",
  "data": "{\"k\": \"v\"}",
  "game_short_name": "Game",
  "inline_message_id": "id",
  "message": {
    "chat": {
      "type": "supergroup",
      "id": 3,
      "title": "Supergroup Chat"
    },
    "date": 1,
    "has_protected_content": false,
    "message_id": 2,
    "is_automatic_forward": false,
    "from": {
      "first_name": "User",
      "id": 1,
      "is_bot": false
    },
    "text": "text"
  }
}
