---
source: src/types/tests/file.rs
expression: actual_data
---
{
  "allow_paid_broadcast": "true",
  "animation": "file-id",
  "business_connection_id": "id",
  "callback_query_id": "cqid",
  "caption": "Caption",
  "chat_id": "1",
  "direct_messages_topic_id": "1",
  "disable_notification": "true",
  "duration": "100",
  "has_spoiler": "true",
  "height": "300",
  "message_effect_id": "effect-id",
  "message_thread_id": "1",
  "parse_mode": "Markdown",
  "protect_content": "true",
  "receiver_user_id": "999",
  "reply_markup": {
    "force_reply": true
  },
  "reply_parameters": {
    "message_id": 1
  },
  "show_caption_above_media": "true",
  "suggested_post_parameters": {},
  "thumbnail": "https://google.com/favicon.ico",
  "width": "200"
}
