---
source: src/types/tests/message.rs
expression: actual_form.into_fields()
---
[
    (
        "inline_message_id",
        FormValue::Text(
            "msg-id",
        ),
    ),
    (
        "media",
        FormValue::Text(
            "{\"type\":\"photo\",\"media\":\"file-id\"}",
        ),
    ),
]
