---
source: src/types/tests/sticker.rs
expression: actual_form.into_fields()
---
[
    (
        "name",
        FormValue::Text(
            "test",
        ),
    ),
    (
        "old_sticker",
        FormValue::Text(
            "old-sticker",
        ),
    ),
    (
        "sticker",
        FormValue::Text(
            "{\"sticker\":\"test\",\"emoji_list\":[\"😻\"],\"format\":\"static\"}",
        ),
    ),
    (
        "user_id",
        FormValue::Text(
            "1",
        ),
    ),
]
