---
source: src/types/tests/business.rs
expression: actual_form.into_fields()
---
[
    (
        "active_period",
        FormValue::Text(
            "60",
        ),
    ),
    (
        "business_connection_id",
        FormValue::Text(
            "id",
        ),
    ),
    (
        "content",
        FormValue::Text(
            "{\"type\":\"photo\",\"photo\":\"url\"}",
        ),
    ),
]
