---
source: src/types/tests/user.rs
expression: "UserProfilePhotos::new([[PhotoSize::new(\"photo-1-big\", \"photo-1-big-unique\",\n500, 500).with_file_size(9999),\nPhotoSize::new(\"photo-1-small\", \"photo-1-small-unique\", 100,\n100).with_file_size(1111),],\n[PhotoSize::new(\"photo-2-big\", \"photo-2-big-unique\", 500,\n500).with_file_size(9999),\nPhotoSize::new(\"photo-2-small\", \"photo-2-small-unique\", 100,\n100).with_file_size(1111),],], 2,)"
---
{
  "photos": [
    [
      {
        "file_id": "photo-1-big",
        "file_unique_id": "photo-1-big-unique",
        "height": 500,
        "width": 500,
        "file_size": 9999
      },
      {
        "file_id": "photo-1-small",
        "file_unique_id": "photo-1-small-unique",
        "height": 100,
        "width": 100,
        "file_size": 1111
      }
    ],
    [
      {
        "file_id": "photo-2-big",
        "file_unique_id": "photo-2-big-unique",
        "height": 500,
        "width": 500,
        "file_size": 9999
      },
      {
        "file_id": "photo-2-small",
        "file_unique_id": "photo-2-small-unique",
        "height": 100,
        "width": 100,
        "file_size": 1111
      }
    ]
  ],
  "total_count": 2
}
