---
source: src/types/tests/sticker.rs
expression: actual_form.into_fields()
---
[
    (
        "allow_paid_broadcast",
        FormValue::Text(
            "true",
        ),
    ),
    (
        "business_connection_id",
        FormValue::Text(
            "id",
        ),
    ),
    (
        "chat_id",
        FormValue::Text(
            "1",
        ),
    ),
    (
        "disable_notification",
        FormValue::Text(
            "true",
        ),
    ),
    (
        "emoji",
        FormValue::Text(
            "😱",
        ),
    ),
    (
        "message_effect_id",
        FormValue::Text(
            "effect-id",
        ),
    ),
    (
        "message_thread_id",
        FormValue::Text(
            "1",
        ),
    ),
    (
        "protect_content",
        FormValue::Text(
            "true",
        ),
    ),
    (
        "reply_markup",
        FormValue::Text(
            "{\"force_reply\":true}",
        ),
    ),
    (
        "reply_parameters",
        FormValue::Text(
            "{\"message_id\":1}",
        ),
    ),
    (
        "sticker",
        FormValue::Text(
            "sticker-id",
        ),
    ),
]
