---
source: src/types/tests/sticker.rs
expression: actual_form.into_fields()
---
[
    (
        "sticker",
        FormValue::Text(
            "sticker-id",
        ),
    ),
    (
        "sticker_format",
        FormValue::Text(
            "static",
        ),
    ),
    (
        "user_id",
        FormValue::Text(
            "1",
        ),
    ),
]
