---
source: src/types/tests/inline_mode.rs
expression: actual_data
---
{
  "allow_bot_chats": true,
  "allow_channel_chats": true,
  "allow_group_chats": true,
  "allow_user_chats": true,
  "result": {
    "first_name": "test",
    "id": "result-id",
    "phone_number": "+1000",
    "type": "contact"
  },
  "user_id": 1
}
