---
source: src/types/tests/file.rs
expression: actual_form.into_fields()
---
[
    (
        "allow_paid_broadcast",
        FormValue::Text(
            "true",
        ),
    ),
    (
        "business_connection_id",
        FormValue::Text(
            "id",
        ),
    ),
    (
        "chat_id",
        FormValue::Text(
            "1",
        ),
    ),
    (
        "direct_messages_topic_id",
        FormValue::Text(
            "1",
        ),
    ),
    (
        "disable_notification",
        FormValue::Text(
            "true",
        ),
    ),
    (
        "duration",
        FormValue::Text(
            "50",
        ),
    ),
    (
        "length",
        FormValue::Text(
            "100",
        ),
    ),
    (
        "message_effect_id",
        FormValue::Text(
            "effect-id",
        ),
    ),
    (
        "message_thread_id",
        FormValue::Text(
            "1",
        ),
    ),
    (
        "protect_content",
        FormValue::Text(
            "true",
        ),
    ),
    (
        "reply_markup",
        FormValue::Text(
            "{\"force_reply\":true}",
        ),
    ),
    (
        "reply_parameters",
        FormValue::Text(
            "{\"message_id\":1}",
        ),
    ),
    (
        "suggested_post_parameters",
        FormValue::Text(
            "{}",
        ),
    ),
    (
        "thumbnail",
        FormValue::Text(
            "https://example.com/image.jpg",
        ),
    ),
    (
        "video_note",
        FormValue::Text(
            "file-id",
        ),
    ),
]
