---
source: src/types/tests/poll.rs
expression: actual_form.into_fields()
---
[
    (
        "chat_id",
        FormValue::Text(
            "1",
        ),
    ),
    (
        "options",
        FormValue::Text(
            "[{\"text\":\"X\"}]",
        ),
    ),
    (
        "question",
        FormValue::Text(
            "Q",
        ),
    ),
    (
        "type",
        FormValue::Text(
            "regular",
        ),
    ),
]
