---
source: src/types/tests/rich.rs
expression: actual_form.into_fields()
---
[
    (
        "chat_id",
        FormValue::Text(
            "1",
        ),
    ),
    (
        "draft_id",
        FormValue::Text(
            "2",
        ),
    ),
    (
        "rich_message",
        FormValue::Text(
            "{\"markdown\":\"test\"}",
        ),
    ),
]
