---
source: src/types/tests/reaction.rs
expression: expected_struct.clone()
---
{
  "chat": {
    "type": "private",
    "id": 1,
    "first_name": "test"
  },
  "date": 0,
  "message_id": 1,
  "new_reaction": [
    {
      "type": "emoji",
      "emoji": "🤡"
    }
  ],
  "old_reaction": [
    {
      "type": "emoji",
      "emoji": "🤮"
    }
  ]
}
