---
source: src/types/tests/inline_mode.rs
expression: actual_data
---
{
  "__attachments__": [
    {
      "id": "tgbot_file_1",
      "mime_type": null,
      "name": null
    }
  ],
  "result": {
    "id": "article-id",
    "input_message_content": {
      "rich_message": {
        "blocks": [
          {
            "animation": {
              "media": "attach://tgbot_file_1",
              "type": "animation"
            },
            "type": "animation"
          }
        ]
      }
    },
    "title": "article-title",
    "type": "article"
  },
  "web_app_query_id": "query-id"
}
