---
source: src/types/tests/input.rs
expression: data
---
{
  "type": "video",
  "caption": "caption",
  "cover": "cover-id",
  "duration": 100,
  "has_spoiler": true,
  "height": 200,
  "media": "attach://im_media",
  "parse_mode": "Markdown",
  "show_caption_above_media": true,
  "start_timestamp": 450,
  "supports_streaming": true,
  "thumbnail": "attach://im_tmb",
  "width": 200
}
