---
source: src/types/tests/business.rs
expression: actual_form
---
Form {
    fields: {
        "content": FormValue::Text(
            "{\"type\":\"photo\",\"photo\":\"url\"}",
        ),
        "business_connection_id": FormValue::Text(
            "id",
        ),
        "story_id": FormValue::Text(
            "1",
        ),
    },
}
