---
source: src/types/tests/sticker.rs
expression: actual_form.into_fields()
---
[
    (
        "format",
        FormValue::Text(
            "static",
        ),
    ),
    (
        "name",
        FormValue::Text(
            "name",
        ),
    ),
    (
        "thumbnail",
        FormValue::Text(
            "file-id",
        ),
    ),
    (
        "user_id",
        FormValue::Text(
            "1",
        ),
    ),
]
