---
source: src/types/tests/file.rs
expression: actual_form.into_fields()
---
[
    (
        "animation",
        FormValue::Text(
            "file-id",
        ),
    ),
    (
        "chat_id",
        FormValue::Text(
            "1",
        ),
    ),
    (
        "parse_mode",
        FormValue::Text(
            "Markdown",
        ),
    ),
]
