---
source: src/types/tests/inline_mode.rs
expression: actual_form.into_fields()
---
[
    (
        "guest_query_id",
        FormValue::Text(
            "test",
        ),
    ),
    (
        "result",
        FormValue::Text(
            "{\"id\":\"id\",\"type\":\"photo\",\"caption\":\"caption\",\"description\":\"desc\",\"input_message_content\":{\"message_text\":\"text\"},\"parse_mode\":\"Markdown\",\"photo_file_id\":\"file-id\",\"reply_markup\":{\"inline_keyboard\":[[{\"text\":\"text\",\"url\":\"url\"}]]},\"show_caption_above_media\":true,\"title\":\"title\"}",
        ),
    ),
]
