---
source: src/types/tests/business.rs
expression: actual_data
---
{
  "business_connection_id": "id",
  "exclude_limited_non_upgradable": true,
  "exclude_limited_upgradable": false,
  "exclude_saved": true,
  "exclude_unique": false,
  "exclude_unlimited": true,
  "exclude_unsaved": false,
  "limit": 10,
  "offset": "test",
  "sort_by_price": true
}
