---
source: src/types/tests/message.rs
expression: expected_struct
---
{
  "chat": {
    "type": "supergroup",
    "id": 1,
    "title": "Chat"
  },
  "date": 1,
  "has_protected_content": false,
  "message_id": 1,
  "is_automatic_forward": false,
  "from": {
    "first_name": "User",
    "id": 1,
    "is_bot": false
  },
  "guest_bot_caller_chat": {
    "type": "supergroup",
    "id": 10001,
    "title": "test"
  },
  "guest_bot_caller_user": {
    "first_name": "John",
    "id": 1000,
    "is_bot": false
  },
  "text": "test"
}
