---
source: src/types/tests/poll.rs
expression: actual_data
---
{
  "__attachments__": [
    {
      "id": "tgbot_file_1",
      "mime_type": null,
      "name": null
    }
  ],
  "chat_id": "1",
  "options": [
    {
      "media": {
        "caption": "Audio",
        "media": "attach://tgbot_file_1",
        "type": "audio"
      },
      "text": "X1"
    },
    {
      "media": {
        "latitude": 1.0,
        "longitude": 2.0,
        "type": "location"
      },
      "text": "X2"
    },
    {
      "media": {
        "type": "link",
        "url": "https://example.com"
      },
      "text": "X3"
    }
  ],
  "question": "Q"
}
