---
source: src/types/tests/input.rs
expression: actual_data
---
{
  "__attachments__": [
    {
      "id": "tgbot_file_1",
      "mime_type": null,
      "name": null
    },
    {
      "id": "tgbot_file_2",
      "mime_type": null,
      "name": null
    }
  ],
  "caption": "caption",
  "disable_content_type_detection": true,
  "media": "attach://tgbot_file_1",
  "parse_mode": "Markdown",
  "thumbnail": "attach://tgbot_file_2",
  "type": "document"
}
