---
source: src/types/tests/gift.rs
expression: expected_struct.clone()
---
{
  "gifts": [
    {
      "id": "id",
      "sticker": {
        "file_id": "file-id",
        "file_unique_id": "file-unique-id",
        "height": 512,
        "is_animated": false,
        "is_video": false,
        "type": "regular",
        "width": 512
      },
      "star_count": 100
    }
  ]
}
