---
source: src/types/tests/media.rs
expression: actual_form.into_fields()
---
[
    (
        "allow_paid_broadcast",
        FormValue::Text(
            "true",
        ),
    ),
    (
        "business_connection_id",
        FormValue::Text(
            "c-id",
        ),
    ),
    (
        "caption",
        FormValue::Text(
            "caption",
        ),
    ),
    (
        "caption_entities",
        FormValue::Text(
            "[{\"offset\":0,\"length\":1,\"type\":\"bold\"}]",
        ),
    ),
    (
        "chat_id",
        FormValue::Text(
            "1",
        ),
    ),
    (
        "direct_messages_topic_id",
        FormValue::Text(
            "1",
        ),
    ),
    (
        "disable_notification",
        FormValue::Text(
            "true",
        ),
    ),
    (
        "media",
        FormValue::Text(
            "[{\"type\":\"photo\",\"media\":\"file-id\"}]",
        ),
    ),
    (
        "message_thread_id",
        FormValue::Text(
            "1",
        ),
    ),
    (
        "payload",
        FormValue::Text(
            "payload",
        ),
    ),
    (
        "protect_content",
        FormValue::Text(
            "true",
        ),
    ),
    (
        "reply_markup",
        FormValue::Text(
            "{\"force_reply\":true}",
        ),
    ),
    (
        "reply_parameters",
        FormValue::Text(
            "{\"message_id\":1}",
        ),
    ),
    (
        "show_caption_above_media",
        FormValue::Text(
            "true",
        ),
    ),
    (
        "star_count",
        FormValue::Text(
            "100",
        ),
    ),
    (
        "suggested_post_parameters",
        FormValue::Text(
            "{}",
        ),
    ),
]
