---
source: src/types/tests/rich.rs
expression: actual_data
---
{
  "__attachments__": [
    {
      "id": "tgbot_file_1",
      "mime_type": null,
      "name": null
    },
    {
      "id": "tgbot_file_2",
      "mime_type": null,
      "name": null
    },
    {
      "id": "tgbot_file_3",
      "mime_type": null,
      "name": null
    },
    {
      "id": "tgbot_file_4",
      "mime_type": null,
      "name": null
    },
    {
      "id": "tgbot_file_5",
      "mime_type": null,
      "name": null
    },
    {
      "id": "tgbot_file_6",
      "mime_type": null,
      "name": null
    },
    {
      "id": "tgbot_file_7",
      "mime_type": null,
      "name": null
    },
    {
      "id": "tgbot_file_8",
      "mime_type": null,
      "name": null
    },
    {
      "id": "tgbot_file_9",
      "mime_type": null,
      "name": null
    }
  ],
  "chat_id": "1",
  "rich_message": {
    "blocks": [
      {
        "name": "anchor",
        "type": "anchor"
      },
      {
        "animation": {
          "media": "attach://tgbot_file_1",
          "type": "animation"
        },
        "type": "animation"
      },
      {
        "audio": {
          "media": "attach://tgbot_file_2",
          "type": "audio"
        },
        "type": "audio"
      },
      {
        "blocks": [
          {
            "text": "bq",
            "type": "paragraph"
          }
        ],
        "type": "blockquote"
      },
      {
        "blocks": [
          {
            "text": "bqwc",
            "type": "paragraph"
          }
        ],
        "credit": "bqc",
        "type": "blockquote"
      },
      {
        "blocks": [],
        "type": "collage"
      },
      {
        "blocks": [
          {
            "animation": {
              "media": "attach://tgbot_file_3",
              "type": "animation"
            },
            "type": "animation"
          }
        ],
        "caption": {
          "text": "test"
        },
        "type": "collage"
      },
      {
        "blocks": [],
        "summary": "details-1",
        "type": "details"
      },
      {
        "blocks": [
          {
            "audio": {
              "media": "attach://tgbot_file_4",
              "type": "audio"
            },
            "type": "audio"
          }
        ],
        "is_open": true,
        "summary": "details-2",
        "type": "details"
      },
      {
        "type": "divider"
      },
      {
        "text": "footer",
        "type": "footer"
      },
      {
        "size": 1,
        "text": "heading",
        "type": "heading"
      },
      {
        "items": [
          {
            "blocks": [
              {
                "text": "list-item-1",
                "type": "paragraph"
              }
            ],
            "has_checkbox": true,
            "is_checked": null,
            "type": null,
            "value": null
          },
          {
            "blocks": [
              {
                "audio": {
                  "media": "attach://tgbot_file_5",
                  "type": "audio"
                },
                "type": "audio"
              }
            ],
            "has_checkbox": null,
            "is_checked": true,
            "type": "I",
            "value": null
          },
          {
            "blocks": [
              {
                "blocks": [
                  {
                    "audio": {
                      "media": "attach://tgbot_file_6",
                      "type": "audio"
                    },
                    "type": "audio"
                  }
                ],
                "type": "blockquote"
              }
            ],
            "has_checkbox": null,
            "is_checked": true,
            "type": "I",
            "value": null
          }
        ],
        "type": "list"
      },
      {
        "height": 2,
        "location": {
          "latitude": 0.0,
          "longitude": 1.0
        },
        "type": "map",
        "width": 1,
        "zoom": 0
      },
      {
        "expression": "math-expr",
        "type": "mathematical_expression"
      },
      {
        "text": {
          "text": "paragraph",
          "type": "italic"
        },
        "type": "paragraph"
      },
      {
        "photo": {
          "media": "attach://tgbot_file_7",
          "show_caption_above_media": true,
          "type": "photo"
        },
        "type": "photo"
      },
      {
        "language": "python",
        "text": "print()",
        "type": "pre"
      },
      {
        "text": "pullquote",
        "type": "pullquote"
      },
      {
        "blocks": [
          {
            "text": "slideshow",
            "type": "paragraph"
          }
        ],
        "caption": {
          "text": "test"
        },
        "type": "slideshow"
      },
      {
        "cells": [
          [
            {
              "align": "left",
              "text": "test",
              "valign": "middle"
            }
          ]
        ],
        "type": "table"
      },
      {
        "text": "thinking",
        "type": "thinking"
      },
      {
        "type": "video",
        "video": {
          "media": "attach://tgbot_file_8",
          "type": "video"
        }
      },
      {
        "type": "voice_note",
        "voice_note": {
          "media": "attach://tgbot_file_9",
          "type": "voice_note"
        }
      }
    ]
  }
}
