---
source: src/types/tests/sticker.rs
expression: actual_form
---
Form {
    fields: {
        "sticker": FormValue::Text(
            "{\"sticker\":\"sticker-id\",\"emoji_list\":[\"😻\"],\"format\":\"static\"}",
        ),
        "user_id": FormValue::Text(
            "1",
        ),
        "name": FormValue::Text(
            "name",
        ),
    },
}
