---
source: src/types/tests/poll.rs
expression: actual_form.into_fields()
---
[
    (
        "allow_adding_options",
        FormValue::Text(
            "true",
        ),
    ),
    (
        "allow_paid_broadcast",
        FormValue::Text(
            "true",
        ),
    ),
    (
        "allows_multiple_answers",
        FormValue::Text(
            "true",
        ),
    ),
    (
        "allows_revoting",
        FormValue::Text(
            "true",
        ),
    ),
    (
        "business_connection_id",
        FormValue::Text(
            "id",
        ),
    ),
    (
        "chat_id",
        FormValue::Text(
            "1",
        ),
    ),
    (
        "country_codes",
        FormValue::Text(
            "[\"US\"]",
        ),
    ),
    (
        "description",
        FormValue::Text(
            "test",
        ),
    ),
    (
        "description_entities",
        FormValue::Text(
            "[{\"offset\":0,\"length\":2,\"type\":\"bold\"}]",
        ),
    ),
    (
        "disable_notification",
        FormValue::Text(
            "true",
        ),
    ),
    (
        "hide_results_until_closes",
        FormValue::Text(
            "true",
        ),
    ),
    (
        "is_anonymous",
        FormValue::Text(
            "false",
        ),
    ),
    (
        "is_closed",
        FormValue::Text(
            "false",
        ),
    ),
    (
        "media",
        FormValue::Text(
            "{\"type\":\"location\",\"latitude\":1.0,\"longitude\":2.0}",
        ),
    ),
    (
        "members_only",
        FormValue::Text(
            "true",
        ),
    ),
    (
        "message_effect_id",
        FormValue::Text(
            "effect-id",
        ),
    ),
    (
        "message_thread_id",
        FormValue::Text(
            "1",
        ),
    ),
    (
        "options",
        FormValue::Text(
            "[{\"text\":\"X\"}]",
        ),
    ),
    (
        "protect_content",
        FormValue::Text(
            "true",
        ),
    ),
    (
        "question",
        FormValue::Text(
            "Q",
        ),
    ),
    (
        "reply_markup",
        FormValue::Text(
            "{\"force_reply\":true}",
        ),
    ),
    (
        "reply_parameters",
        FormValue::Text(
            "{\"message_id\":1}",
        ),
    ),
    (
        "shuffle_options",
        FormValue::Text(
            "true",
        ),
    ),
    (
        "type",
        FormValue::Text(
            "regular",
        ),
    ),
]
